[1;97mGo[m
╭─────────────────────────────┬────────┬─────────┬─────────────╮
│           [1mPACKAGE[m           │ [1mINWARD[m │ [1mOUTWARD[m │ [1mINSTABILITY[m │
├─────────────────────────────┼────────┼─────────┼─────────────┤
│ example.com/project/main    │ 0      │ 1       │ 1.000       │
│ example.com/project/cmd     │ 1      │ 3       │ 0.750       │
│ example.com/project/pkg/foo │ 1      │ 1       │ 0.500       │
│ example.com/project/pkg/bar │ 1      │ 1       │ 0.500       │
╰─────────────────────────────┴────────┴─────────┴─────────────╯