[7m  [m[1;7mabc1234 → def5678[m[7m  [m
 [1mPACKAGE                               [m  [1mINSTABILITY    [m  [1mINWARD    [m  [1mOUTWARD    [m 
[90m────────────────────────────────────────[m[90m─────────────────[m[90m────────────[m[90m─────────────[m
                                                                                
                                                                                
                                                                                
                                                                                
                                                                                
                                                                                
                                                                                
                                                                                
                                                                                
                                                                                
                                                                                
                                                                                
                                                                                
                                                                                
                                                                                
                                                                                
                                                                                
                                                                                
                                                                                
[90mj/k: navigate | enter: details | q: quit[m