[95m╭────────────────────────────────────────────────────────────────────────────╮[m
[95m│[m[1mexample.com/project/main[m                                       [33m[4/5] [m[37mjkl3456[m[95m│[m
[95m│[m  Coupling                              Instability                         [95m│[m
[95m│[m3│  [33m⢀[m[33m⣀[m[33m⠤[m[33m⠔[m[33m⠒[m[33m⠉[m[33m⠑[m[33m⠒[m[33m⠤[m[33m⢄[m[33m⣀[m            [34;100m⣀[m[34m⡠[m[34m⠤[m[34m⠒[m[34m⠊[m[34m⠁[m     1│[35m⠉[m[35m⠒[m[35m⠒[m[35m⠤[m[35m⠤[m[35m⣀[m[35m⣀[m                  [100m [m          [95m│[m
[95m│[m │[33m⠒[m[33m⠉[m[33m⠁[m        [34m⢀[m[34m⣀[m[33m⠭[m[33m⠕[m[33m⠒[m[33m⠶[m[33m⢖[m[33m⣒[m[34m⠒[m[34m⠒[m[34m⠒[m[34m⠒[m[34m⠊[m[34m⠉[m[100m [m           │       [35m⠉[m[35m⠉[m[35m⠒[m[35m⠒[m[35m⠢[m[35m⠤[m[35m⠤[m[35m⣀[m[35m⣀[m[35m⡀[m        [100m [m          [95m│[m
[95m│[m2│     [34m⢀[m[34m⣀[m[34m⠤[m[34m⠔[m[34m⠒[m[34m⠉[m[34m⠁[m       [33m⠉[m[33m⠑[m[33m⠒[m[33m⠤[m[33m⠤[m[33m⠤[m[33;100m⠤[m[33m⠤[m[33m⠤[m[33m⠤[m[33m⠤[m[33m⠄[m      │                [35m⠈[m[35m⠉[m[35m⠉[m[35m⠒[m[35m⠒[m[35m⠢[m[35m⠤[m[35m⠤[m[35m⠤[m[35;100m⠤[m[35m⢄[m[35m⣀[m[35m⣀[m[35m⣀[m[35m⡀[m     [95m│[m
[95m│[m │[34m⣀[m[34m⠤[m[34m⠔[m[34m⠒[m[34m⠉[m[34m⠁[m                   [100m [m           │                         [100m [m          [95m│[m
[95m│[m0└──────────────────────────────────  0└──────────────────────────────────  [95m│[m
[95m│[m                                                                            [95m│[m
[95m│[m  2024-01-01              2024-01-05    2024-01-01              2024-01-05  [95m│[m
[95m│[m  [34mIn=2[m [33mOut=1[m                          [35m0.33[m                                  [95m│[m
[95m╰────────────────────────────────────────────────────────────────────────────╯[m