[7m  [m[1;7mGo[m[7m  [m
 [1mPACKAGE ▼                             [m  [1mINWARD    [m  [1mOUTWARD    [m  [1mINSTABILITY    [m 
[90m────────────────────────────────────────[m[90m────────────[m[90m─────────────[m[90m─────────────────[m
[1;7;38;5;212m example.com/project/pkg/foo             1           0            0.000         [m
 example.com/project/pkg/bar             1           0            0.000         
 example.com/project/main                0           1            1.000         
 example.com/project/cmd                 1           2            0.667         
                                                                                
                                                                                
                                                                                
                                                                                
                                                                                
                                                                                
                                                                                
                                                                                
                                                                                
                                                                                
                                                                                
                                                                                
                                                                                
                                                                                
                                                                                
[90mj/k: navigate | p/i/o/s: sort | /: filter | enter: details | ?: help | q: quit[m