[7m  [m[1;7mGo[m[7m  [m
[1;95mPackage: example.com/project/main[m                                               
[90m[m                                                                                
[1;96mCurrent Commit[m                                                                  
[7m  SHA: def5678[m                                                                  
[90m  Message: Add feature[m                                                          
[90m  Date: 2024-01-02 12:00[m                                                        
[33m  Inward: 0  Outward: 3 (+1)  Instability: 1.00[m                                 
[90m[m                                                                                
[1;96mPrevious Commit[m                                                                 
[90m  SHA: abc1234[m                                                                  
[90m  Message: Initial commit[m                                                       
[90m  Date: 2024-01-01 12:00[m                                                        
[90m  Inward: 0  Outward: 2  Instability: 1.00[m                                      
[90m[m                                                                                
[1;96mSummary Changes[m                                                                 
[90m  Inward: no change[m                                                             
[90m  Outward: +1[m                                                                   
[90m  Instability: no change[m                                                        
                                                                                
                                                                                
                                                                                
                                                                                
                                                                                
                                                                                
                                                                                
                                                                                
                                                                                
                                                                                
                                                                                
                                                                                
                                                                                
                                                                                
                                                                                
                                                                                
                                                                                
                                                                                
[90mj/k: nav | enter: expand | esc: back | q: quit[m