[7m  [m[1;7mGo[m[7m  [m
[90m╭────────────────────────────────────────────────────────────────────────╮[m      
[90m│[m[1mexample.com/project/main[m                                   [33m[3/3] [m[37mghi9012[m[90m│[m      
[90m│[m  Coupling                            Instability                       [90m│[m      
[90m│[m3│    [33m⣀[m[33m⣀[m[33m⡠[m[33m⠤[m[33m⠤[m[33m⠒[m[33m⠒[m[33m⠊[m[33m⠉[m[33m⠉[m[33m⠒[m[33m⠒[m[33m⠢[m[33m⠤[m[33m⠤[m[33m⣀[m[33m⣀[m[33m⡀[m         [100m [m  1│[35m⠉[m[35m⠉[m[35m⠉[m[35m⠉[m[35m⠉[m[35m⠉[m[35m⠉[m[35m⠉[m[35m⠉[m[35m⠉[m[35m⠉[m[35m⠉[m[35m⠉[m[35m⠉[m[35m⠒[m[35m⠒[m[35m⠢[m[35m⠤[m[35m⠤[m[35m⣀[m[35m⣀[m[35m⡀[m         [100m [m  [90m│[m      
[90m│[m │[33m⠒[m[33m⠊[m[33m⠉[m[33m⠉[m                 [33m⠈[m[33m⠉[m[33m⠉[m[33m⠒[m[33m⠂[m     [100m [m   │                     [35m⠈[m[35m⠉[m[35m⠉[m[35m⠒[m[35m⠂[m     [100m [m  [90m│[m      
[90m│[m2│                     [34m⢀[m[34m⣀[m[34m⣀[m[34m⠤[m[34m⠄[m     [100m [m   │                               [100m [m  [90m│[m      
[90m│[m │[34m⣀[m[34m⣀[m[34m⣀[m[34m⣀[m[34m⣀[m[34m⣀[m[34m⣀[m[34m⣀[m[34m⣀[m[34m⣀[m[34m⣀[m[34m⣀[m[34m⣀[m[34m⣀[m[34m⠤[m[34m⠤[m[34m⠔[m[34m⠒[m[34m⠒[m[34m⠉[m[34m⠉[m[34m⠁[m         [100m [m   │                               [100m [m  [90m│[m      
[90m│[m0└────────────────────────────────  0└────────────────────────────────  [90m│[m      
[90m│[m                                                                        [90m│[m      
[90m│[m  2024-01-01            2024-01-03    2024-01-01            2024-01-03  [90m│[m      
[90m│[m  [34mIn=1[m [33mOut=2[m                        [35m0.67[m                                [90m│[m      
[90m╰────────────────────────────────────────────────────────────────────────╯[m      
[95m╭────────────────────────────────────────────────────────────────────────╮[m      
[95m│[m[1mexample.com/project/pkg/bar[m                                [33m[2/2] [m[37mghi9012[m[95m│[m      
[95m│[m  Coupling                            Instability                       [95m│[m      
[95m│[m1│[34m⠉[m[34m⠉[m[34m⠉[m[34m⠉[m[34m⠉[m[34m⠉[m[34m⠉[m[34m⠉[m[34m⠉[m[34m⠉[m[34m⠉[m[34m⠉[m[34m⠉[m[34m⠉[m[34m⠉[m[34m⠉[m[33m⢉[m[33m⣉[m[33m⠭[m[33m⠛[m[33m⠋[m[33m⠁[m         [100m [m  1│                               [100m [m  [95m│[m      
[95m│[m │           [33m⣀[m[33m⠤[m[33m⠔[m[33m⠒[m[33m⠉[m[33m⠁[m              [100m [m   │                    [35m⣀[m[35m⡀[m         [100m [m  [95m│[m      
[95m│[m │     [33m⣀[m[33m⡠[m[33m⠤[m[33m⠒[m[33m⠊[m[33m⠉[m                    [100m [m   │         [35m⢀[m[35m⣀[m[35m⣀[m[35m⠤[m[35m⠤[m[35m⠔[m[35m⠒[m[35m⠒[m[35m⠊[m[35m⠉[m[35m⠉[m           [100m [m  [95m│[m      
[95m│[m │[33m⣀[m[33m⠤[m[33m⠔[m[33m⠒[m[33m⠉[m                          [100m [m   │[35m⣀[m[35m⡠[m[35m⠤[m[35m⠤[m[35m⠒[m[35m⠒[m[35m⠒[m[35m⠉[m[35m⠉[m[35m⠁[m                     [100m [m  [95m│[m      
[95m│[m0└────────────────────────────────  0└────────────────────────────────  [95m│[m      
[95m│[m                                                                        [95m│[m      
[95m│[m  2024-01-02            2024-01-03    2024-01-02            2024-01-03  [95m│[m      
[95m│[m  [34mIn=1[m [33mOut=1[m                        [35m0.50[m                                [95m│[m      
[95m╰────────────────────────────────────────────────────────────────────────╯[m      
[90m╭────────────────────────────────────────────────────────────────────────╮[m      
[90m│[m[1mexample.com/project/pkg/foo[m                                [33m[3/3] [m[37mghi9012[m[90m│[m      
[90m│[m  Coupling                            Instability                       [90m│[m      
[90m│[m2│      [34m⢀[m[34m⣀[m[34m⡠[m[34m⠤[m[34m⠒[m[34m⠒[m[34m⠉[m[34m⠉[m[34m⠉[m[34m⠉[m[34m⠉[m[34m⠉[m[34m⠉[m[33m⣉[m[33m⣉[m[33m⠭[m[33m⠝[m[33m⠛[m[33m⠋[m[33m⠁[m     [100m [m  1│                               [100m [m  [90m│[m      
[90m│[m │[34m⣀[m[34m⠤[m[34m⠤[m[34m⠒[m[34m⠊[m[34m⠉[m[34m⠁[m     [33m⣀[m[33m⡠[m[33m⠤[m[33m⠔[m[33m⠒[m[33m⠉[m[33m⠉[m            [100m [m   │                       [35m⣀[m[35m⣀[m[35m⡀[m     [100m [m  [90m│[m      
[90m│[m1│     [33m⢀[m[33m⣀[m[33m⡠[m[33m⠤[m[33m⠒[m[33m⠊[m[33m⠉[m                   [100m [m   │         [35m⣀[m[35m⣀[m[35m⡠[m[35m⠤[m[35m⠤[m[35m⠤[m[35m⠒[m[35m⠒[m[35m⠒[m[35m⠒[m[35m⠉[m[35m⠉[m[35m⠉[m[35m⠉[m        [100m [m  [90m│[m      
[90m│[m │[33m⣀[m[33m⠤[m[33m⠔[m[33m⠒[m[33m⠉[m[33m⠁[m                         [100m [m   │[35m⣀[m[35m⡠[m[35m⠤[m[35m⠤[m[35m⠒[m[35m⠒[m[35m⠊[m[35m⠉[m[35m⠉[m                      [100m [m  [90m│[m      
[90m│[m0└────────────────────────────────  0└────────────────────────────────  [90m│[m      
[90m│[m                                                                        [90m│[m      
[90m│[m  2024-01-01            2024-01-03    2024-01-01            2024-01-03  [90m│[m      
[90m│[m  [34mIn=2[m [33mOut=2[m                        [35m0.50[m                                [90m│[m      
[90m╰────────────────────────────────────────────────────────────────────────╯[m      
[90mj/k: scroll | h/l: marker | +/-: zoom | enter: details | ?: help | q: quit[m