[90m╭────────────────────────────────────────────────────────────────────────────╮[m
[90m│[m[1mexample.com/project/main[m                                       [33m[5/5] [m[37mmno7890[m[90m│[m
[90m│[m  Coupling                              Instability                         [90m│[m
[90m│[m3│  [33m⢀[m[33m⣀[m[33m⠤[m[33m⠔[m[33m⠒[m[33m⠉[m[33m⠑[m[33m⠒[m[33m⠤[m[33m⢄[m[33m⣀[m            [34m⣀[m[34m⡠[m[34m⠤[m[34m⠒[m[34m⠊[m[34m⠁[m  [100m [m  1│[35m⠉[m[35m⠒[m[35m⠒[m[35m⠤[m[35m⠤[m[35m⣀[m[35m⣀[m                          [100m [m  [90m│[m
[90m│[m │[33m⠒[m[33m⠉[m[33m⠁[m        [34m⢀[m[34m⣀[m[33m⠭[m[33m⠕[m[33m⠒[m[33m⠶[m[33m⢖[m[33m⣒[m[34m⠒[m[34m⠒[m[34m⠒[m[34m⠒[m[34m⠊[m[34m⠉[m        [100m [m   │       [35m⠉[m[35m⠉[m[35m⠒[m[35m⠒[m[35m⠢[m[35m⠤[m[35m⠤[m[35m⣀[m[35m⣀[m[35m⡀[m                [100m [m  [90m│[m
[90m│[m2│     [34m⢀[m[34m⣀[m[34m⠤[m[34m⠔[m[34m⠒[m[34m⠉[m[34m⠁[m       [33m⠉[m[33m⠑[m[33m⠒[m[33m⠤[m[33m⠤[m[33m⠤[m[33m⠤[m[33m⠤[m[33m⠤[m[33m⠤[m[33m⠤[m[33m⠄[m  [100m [m   │                [35m⠈[m[35m⠉[m[35m⠉[m[35m⠒[m[35m⠒[m[35m⠢[m[35m⠤[m[35m⠤[m[35m⠤[m[35m⠤[m[35m⢄[m[35m⣀[m[35m⣀[m[35m⣀[m[35m⡀[m  [100m [m  [90m│[m
[90m│[m │[34m⣀[m[34m⠤[m[34m⠔[m[34m⠒[m[34m⠉[m[34m⠁[m                           [100m [m   │                                 [100m [m  [90m│[m
[90m│[m0└──────────────────────────────────  0└──────────────────────────────────  [90m│[m
[90m│[m                                                                            [90m│[m
[90m│[m  2024-01-01              2024-01-05    2024-01-01              2024-01-05  [90m│[m
[90m│[m  [34mIn=3[m [33mOut=1[m                          [35m0.25[m                                  [90m│[m
[90m╰────────────────────────────────────────────────────────────────────────────╯[m