[95m╭────────────────────────────────────────────────────────────────────────────╮[m
[95m│[m[1mexample.com/project/main[m                                       [33m[5/5] [m[37mmno7890[m[95m│[m
[95m│[m  Coupling                              Instability                         [95m│[m
[95m│[m3│[33m⠉[m[33m⠒[m[33m⠒[m[33m⠤[m[33m⠤[m[33m⣀[m[33m⣀[m               [34m⣀[m[34m⣀[m[34m⠤[m[34m⠤[m[34m⠒[m[34m⠒[m[34m⠉[m    [100m [m  1│                                 [100m [m  [95m│[m
[95m│[m │     [34m⣀[m[34m⣀[m[33m⠭[m[33m⠭[m[33m⠒[m[33m⠲[m[33m⠶[m[33m⢖[m[33m⣒[m[33m⡒[m[34m⠒[m[34m⠒[m[34m⠒[m[34m⠒[m[34m⠒[m[34m⠉[m[34m⠉[m           [100m [m   │[35m⠉[m[35m⠉[m[35m⠒[m[35m⠒[m[35m⠒[m[35m⠤[m[35m⠤[m[35m⠤[m[35m⣀[m[35m⣀[m[35m⣀[m[35m⡀[m                     [100m [m  [95m│[m
[95m│[m2│[34m⠤[m[34m⠒[m[34m⠒[m[34m⠉[m[34m⠉[m         [33m⠈[m[33m⠉[m[33m⠑[m[33m⠒[m[33m⠢[m[33m⠤[m[33m⠤[m[33m⠤[m[33m⠤[m[33m⠤[m[33m⠤[m[33m⠤[m[33m⠤[m[33m⠤[m[33m⠤[m    [100m [m   │           [35m⠈[m[35m⠉[m[35m⠉[m[35m⠑[m[35m⠒[m[35m⠒[m[35m⠢[m[35m⠤[m[35m⠤[m[35m⠤[m[35m⠤[m[35m⠤[m[35m⠤[m[35m⣀[m[35m⣀[m[35m⣀[m[35m⣀[m[35m⣀[m    [100m [m  [95m│[m
[95m│[m │                                 [100m [m   │                                 [100m [m  [95m│[m
[95m│[m0└──────────────────────────────────  0└──────────────────────────────────  [95m│[m
[95m│[m                                                                            [95m│[m
[95m│[m  2024-01-02              2024-01-05    2024-01-02              2024-01-05  [95m│[m
[95m│[m  [34mIn=3[m [33mOut=1[m                          [35m0.25[m                                  [95m│[m
[95m╰────────────────────────────────────────────────────────────────────────────╯[m